Copy /mnt/data/lengyang/youjia_project/autoba/test_babench/tasks/a-3-5/ref_answer dir to /mnt/data/lengyang/github/PromptBio_Benchmark/a-3-5
Copy /mnt/data/lengyang/youjia_project/autoba/test_babench/tasks/a-3-5/ref_script dir to /mnt/data/lengyang/github/PromptBio_Benchmark/a-3-5
Copy /mnt/data/lengyang/youjia_project/autoba/test_babench/tasks/a-3-5/eval.json dir to /mnt/data/lengyang/github/PromptBio_Benchmark/a-3-5
Copy /mnt/data/lengyang/youjia_project/autoba/test_babench/tasks/a-3-5/task.json dir to /mnt/data/lengyang/github/PromptBio_Benchmark/a-3-5
A3SS.MATS.JC.txt
Error:/mnt/data/lengyang/youjia_project/autoba/test_babench/tasks/a-3-5/result_714/toolsgenie_20260709/A3SS.MATS.JC.txt not exists 
Error:/mnt/data/lengyang/youjia_project/autoba/test_babench/tasks/a-3-5/result_714/toolsgenie_20260709/work not exists 
Copy /mnt/data/lengyang/youjia_project/autoba/test_babench/tasks/a-3-6/ref_answer dir to /mnt/data/lengyang/github/PromptBio_Benchmark/a-3-6
Copy /mnt/data/lengyang/youjia_project/autoba/test_babench/tasks/a-3-6/ref_script dir to /mnt/data/lengyang/github/PromptBio_Benchmark/a-3-6
Copy /mnt/data/lengyang/youjia_project/autoba/test_babench/tasks/a-3-6/eval.json dir to /mnt/data/lengyang/github/PromptBio_Benchmark/a-3-6
Copy /mnt/data/lengyang/youjia_project/autoba/test_babench/tasks/a-3-6/task.json dir to /mnt/data/lengyang/github/PromptBio_Benchmark/a-3-6
K562_candidate_fusions.csv
Error:/mnt/data/lengyang/youjia_project/autoba/test_babench/tasks/a-3-6/result_714/toolsgenie_20260709/K562_candidate_fusions.csv not exists 
Error:/mnt/data/lengyang/youjia_project/autoba/test_babench/tasks/a-3-6/result_714/toolsgenie_20260709/work not exists 
Copy /mnt/data/lengyang/youjia_project/autoba/test_babench/tasks/a-3-13/ref_answer dir to /mnt/data/lengyang/github/PromptBio_Benchmark/a-3-13
Copy /mnt/data/lengyang/youjia_project/autoba/test_babench/tasks/a-3-13/ref_script dir to /mnt/data/lengyang/github/PromptBio_Benchmark/a-3-13
Copy /mnt/data/lengyang/youjia_project/autoba/test_babench/tasks/a-3-13/eval.json dir to /mnt/data/lengyang/github/PromptBio_Benchmark/a-3-13
Copy /mnt/data/lengyang/youjia_project/autoba/test_babench/tasks/a-3-13/task.json dir to /mnt/data/lengyang/github/PromptBio_Benchmark/a-3-13
trinity_out.Trinity.fasta
Error:/mnt/data/lengyang/youjia_project/autoba/test_babench/tasks/a-3-13/result_714/toolsgenie_20260709/trinity_out.Trinity.fasta not exists 
Error:/mnt/data/lengyang/youjia_project/autoba/test_babench/tasks/a-3-13/result_714/toolsgenie_20260709/work not exists 
Copy /mnt/data/lengyang/youjia_project/autoba/test_babench/tasks/a-4-6/ref_answer dir to /mnt/data/lengyang/github/PromptBio_Benchmark/a-4-6
Copy /mnt/data/lengyang/youjia_project/autoba/test_babench/tasks/a-4-6/ref_script dir to /mnt/data/lengyang/github/PromptBio_Benchmark/a-4-6
Copy /mnt/data/lengyang/youjia_project/autoba/test_babench/tasks/a-4-6/eval.json dir to /mnt/data/lengyang/github/PromptBio_Benchmark/a-4-6
Copy /mnt/data/lengyang/youjia_project/autoba/test_babench/tasks/a-4-6/task.json dir to /mnt/data/lengyang/github/PromptBio_Benchmark/a-4-6
dna_methylation_results.txt
Error:/mnt/data/lengyang/youjia_project/autoba/test_babench/tasks/a-4-6/result_714/toolsgenie_20260709/dna_methylation_results.txt not exists 
Error:/mnt/data/lengyang/youjia_project/autoba/test_babench/tasks/a-4-6/result_714/toolsgenie_20260709/work not exists 
Copy /mnt/data/lengyang/youjia_project/autoba/test_babench/tasks/a-4-8/ref_answer dir to /mnt/data/lengyang/github/PromptBio_Benchmark/a-4-8
Copy /mnt/data/lengyang/youjia_project/autoba/test_babench/tasks/a-4-8/ref_script dir to /mnt/data/lengyang/github/PromptBio_Benchmark/a-4-8
Copy /mnt/data/lengyang/youjia_project/autoba/test_babench/tasks/a-4-8/eval.json dir to /mnt/data/lengyang/github/PromptBio_Benchmark/a-4-8
Copy /mnt/data/lengyang/youjia_project/autoba/test_babench/tasks/a-4-8/task.json dir to /mnt/data/lengyang/github/PromptBio_Benchmark/a-4-8
segmentation_model_plot.png
Error:/mnt/data/lengyang/youjia_project/autoba/test_babench/tasks/a-4-8/result_714/toolsgenie_20260709/segmentation_model_plot.png not exists 
Error:/mnt/data/lengyang/youjia_project/autoba/test_babench/tasks/a-4-8/result_714/toolsgenie_20260709/work not exists 
Copy /mnt/data/lengyang/youjia_project/autoba/test_babench/tasks/a-5-3/ref_answer dir to /mnt/data/lengyang/github/PromptBio_Benchmark/a-5-3
Copy /mnt/data/lengyang/youjia_project/autoba/test_babench/tasks/a-5-3/ref_script dir to /mnt/data/lengyang/github/PromptBio_Benchmark/a-5-3
Copy /mnt/data/lengyang/youjia_project/autoba/test_babench/tasks/a-5-3/eval.json dir to /mnt/data/lengyang/github/PromptBio_Benchmark/a-5-3
Copy /mnt/data/lengyang/youjia_project/autoba/test_babench/tasks/a-5-3/task.json dir to /mnt/data/lengyang/github/PromptBio_Benchmark/a-5-3
trajectory.png
Error:/mnt/data/lengyang/youjia_project/autoba/test_babench/tasks/a-5-3/result_714/toolsgenie_20260709/trajectory.png not exists 
Error:/mnt/data/lengyang/youjia_project/autoba/test_babench/tasks/a-5-3/result_714/toolsgenie_20260709/work not exists 
Copy /mnt/data/lengyang/youjia_project/autoba/test_babench/tasks/a-7-7/ref_answer dir to /mnt/data/lengyang/github/PromptBio_Benchmark/a-7-7
Copy /mnt/data/lengyang/youjia_project/autoba/test_babench/tasks/a-7-7/ref_script dir to /mnt/data/lengyang/github/PromptBio_Benchmark/a-7-7
Copy /mnt/data/lengyang/youjia_project/autoba/test_babench/tasks/a-7-7/eval.json dir to /mnt/data/lengyang/github/PromptBio_Benchmark/a-7-7
Copy /mnt/data/lengyang/youjia_project/autoba/test_babench/tasks/a-7-7/task.json dir to /mnt/data/lengyang/github/PromptBio_Benchmark/a-7-7
BSA2_F1_comet_psm.tsv
Error:/mnt/data/lengyang/youjia_project/autoba/test_babench/tasks/a-7-7/result_714/toolsgenie_20260709/BSA2_F1_comet_psm.tsv not exists 
Error:/mnt/data/lengyang/youjia_project/autoba/test_babench/tasks/a-7-7/result_714/toolsgenie_20260709/work not exists 
Copy /mnt/data/lengyang/youjia_project/autoba/test_babench/tasks/a-7-8/ref_answer dir to /mnt/data/lengyang/github/PromptBio_Benchmark/a-7-8
Copy /mnt/data/lengyang/youjia_project/autoba/test_babench/tasks/a-7-8/ref_script dir to /mnt/data/lengyang/github/PromptBio_Benchmark/a-7-8
Copy /mnt/data/lengyang/youjia_project/autoba/test_babench/tasks/a-7-8/eval.json dir to /mnt/data/lengyang/github/PromptBio_Benchmark/a-7-8
Copy /mnt/data/lengyang/youjia_project/autoba/test_babench/tasks/a-7-8/task.json dir to /mnt/data/lengyang/github/PromptBio_Benchmark/a-7-8
report.tsv
Error:/mnt/data/lengyang/youjia_project/autoba/test_babench/tasks/a-7-8/result_714/toolsgenie_20260709/report.tsv not exists 
Error:/mnt/data/lengyang/youjia_project/autoba/test_babench/tasks/a-7-8/result_714/toolsgenie_20260709/work not exists 
Copy /mnt/data/lengyang/youjia_project/autoba/test_babench/tasks/a-9-1/ref_answer dir to /mnt/data/lengyang/github/PromptBio_Benchmark/a-9-1
Copy /mnt/data/lengyang/youjia_project/autoba/test_babench/tasks/a-9-1/ref_script dir to /mnt/data/lengyang/github/PromptBio_Benchmark/a-9-1
Copy /mnt/data/lengyang/youjia_project/autoba/test_babench/tasks/a-9-1/eval.json dir to /mnt/data/lengyang/github/PromptBio_Benchmark/a-9-1
Copy /mnt/data/lengyang/youjia_project/autoba/test_babench/tasks/a-9-1/task.json dir to /mnt/data/lengyang/github/PromptBio_Benchmark/a-9-1
peptides.fa
Error:/mnt/data/lengyang/youjia_project/autoba/test_babench/tasks/a-9-1/result_714/toolsgenie_20260709/peptides.fa not exists 
Error:/mnt/data/lengyang/youjia_project/autoba/test_babench/tasks/a-9-1/result_714/toolsgenie_20260709/work not exists 
Copy /mnt/data/lengyang/youjia_project/autoba/test_babench/tasks/a-9-10/ref_answer dir to /mnt/data/lengyang/github/PromptBio_Benchmark/a-9-10
Copy /mnt/data/lengyang/youjia_project/autoba/test_babench/tasks/a-9-10/ref_script dir to /mnt/data/lengyang/github/PromptBio_Benchmark/a-9-10
Copy /mnt/data/lengyang/youjia_project/autoba/test_babench/tasks/a-9-10/eval.json dir to /mnt/data/lengyang/github/PromptBio_Benchmark/a-9-10
Copy /mnt/data/lengyang/youjia_project/autoba/test_babench/tasks/a-9-10/task.json dir to /mnt/data/lengyang/github/PromptBio_Benchmark/a-9-10
immune_variants.vcf
Error:/mnt/data/lengyang/youjia_project/autoba/test_babench/tasks/a-9-10/result_714/toolsgenie_20260709/immune_variants.vcf not exists 
Error:/mnt/data/lengyang/youjia_project/autoba/test_babench/tasks/a-9-10/result_714/toolsgenie_20260709/work not exists 
Copy /mnt/data/lengyang/youjia_project/autoba/test_babench/tasks/a-11-2/ref_answer dir to /mnt/data/lengyang/github/PromptBio_Benchmark/a-11-2
Copy /mnt/data/lengyang/youjia_project/autoba/test_babench/tasks/a-11-2/ref_script dir to /mnt/data/lengyang/github/PromptBio_Benchmark/a-11-2
Copy /mnt/data/lengyang/youjia_project/autoba/test_babench/tasks/a-11-2/eval.json dir to /mnt/data/lengyang/github/PromptBio_Benchmark/a-11-2
Copy /mnt/data/lengyang/youjia_project/autoba/test_babench/tasks/a-11-2/task.json dir to /mnt/data/lengyang/github/PromptBio_Benchmark/a-11-2
hub_genes.csv
Error:/mnt/data/lengyang/youjia_project/autoba/test_babench/tasks/a-11-2/result_714/toolsgenie_20260709/hub_genes.csv not exists 
Error:/mnt/data/lengyang/youjia_project/autoba/test_babench/tasks/a-11-2/result_714/toolsgenie_20260709/work not exists 
Copy /mnt/data/lengyang/youjia_project/autoba/test_babench/tasks/a-11-8/ref_answer dir to /mnt/data/lengyang/github/PromptBio_Benchmark/a-11-8
Copy /mnt/data/lengyang/youjia_project/autoba/test_babench/tasks/a-11-8/ref_script dir to /mnt/data/lengyang/github/PromptBio_Benchmark/a-11-8
Copy /mnt/data/lengyang/youjia_project/autoba/test_babench/tasks/a-11-8/eval.json dir to /mnt/data/lengyang/github/PromptBio_Benchmark/a-11-8
Copy /mnt/data/lengyang/youjia_project/autoba/test_babench/tasks/a-11-8/task.json dir to /mnt/data/lengyang/github/PromptBio_Benchmark/a-11-8
cross_layer_hubs.csv
Error:/mnt/data/lengyang/youjia_project/autoba/test_babench/tasks/a-11-8/result_714/toolsgenie_20260709/cross_layer_hubs.csv not exists 
Error:/mnt/data/lengyang/youjia_project/autoba/test_babench/tasks/a-11-8/result_714/toolsgenie_20260709/work not exists 
Copy /mnt/data/lengyang/youjia_project/autoba/test_babench/tasks/a-13-3/ref_answer dir to /mnt/data/lengyang/github/PromptBio_Benchmark/a-13-3
Copy /mnt/data/lengyang/youjia_project/autoba/test_babench/tasks/a-13-3/ref_script dir to /mnt/data/lengyang/github/PromptBio_Benchmark/a-13-3
Copy /mnt/data/lengyang/youjia_project/autoba/test_babench/tasks/a-13-3/eval.json dir to /mnt/data/lengyang/github/PromptBio_Benchmark/a-13-3
Copy /mnt/data/lengyang/youjia_project/autoba/test_babench/tasks/a-13-3/task.json dir to /mnt/data/lengyang/github/PromptBio_Benchmark/a-13-3
assembled_plasmid.csv
Error:/mnt/data/lengyang/youjia_project/autoba/test_babench/tasks/a-13-3/result_714/toolsgenie_20260709/assembled_plasmid.csv not exists 
Error:/mnt/data/lengyang/youjia_project/autoba/test_babench/tasks/a-13-3/result_714/toolsgenie_20260709/work not exists 
Copy /mnt/data/lengyang/youjia_project/autoba/test_babench/tasks/a-13-4/ref_answer dir to /mnt/data/lengyang/github/PromptBio_Benchmark/a-13-4
Copy /mnt/data/lengyang/youjia_project/autoba/test_babench/tasks/a-13-4/ref_script dir to /mnt/data/lengyang/github/PromptBio_Benchmark/a-13-4
Copy /mnt/data/lengyang/youjia_project/autoba/test_babench/tasks/a-13-4/eval.json dir to /mnt/data/lengyang/github/PromptBio_Benchmark/a-13-4
Copy /mnt/data/lengyang/youjia_project/autoba/test_babench/tasks/a-13-4/task.json dir to /mnt/data/lengyang/github/PromptBio_Benchmark/a-13-4
redesigned_proteins.csv
Error:/mnt/data/lengyang/youjia_project/autoba/test_babench/tasks/a-13-4/result_714/toolsgenie_20260709/redesigned_proteins.csv not exists 
Error:/mnt/data/lengyang/youjia_project/autoba/test_babench/tasks/a-13-4/result_714/toolsgenie_20260709/work not exists 
Copy /mnt/data/lengyang/youjia_project/autoba/test_babench/tasks/a-13-5/ref_answer dir to /mnt/data/lengyang/github/PromptBio_Benchmark/a-13-5
Copy /mnt/data/lengyang/youjia_project/autoba/test_babench/tasks/a-13-5/ref_script dir to /mnt/data/lengyang/github/PromptBio_Benchmark/a-13-5
Copy /mnt/data/lengyang/youjia_project/autoba/test_babench/tasks/a-13-5/eval.json dir to /mnt/data/lengyang/github/PromptBio_Benchmark/a-13-5
Copy /mnt/data/lengyang/youjia_project/autoba/test_babench/tasks/a-13-5/task.json dir to /mnt/data/lengyang/github/PromptBio_Benchmark/a-13-5
solubility_results.txt
Error:/mnt/data/lengyang/youjia_project/autoba/test_babench/tasks/a-13-5/result_714/toolsgenie_20260709/solubility_results.txt not exists 
Error:/mnt/data/lengyang/youjia_project/autoba/test_babench/tasks/a-13-5/result_714/toolsgenie_20260709/work not exists 
Copy /mnt/data/lengyang/youjia_project/autoba/test_babench/tasks/a-14-1/ref_answer dir to /mnt/data/lengyang/github/PromptBio_Benchmark/a-14-1
Copy /mnt/data/lengyang/youjia_project/autoba/test_babench/tasks/a-14-1/ref_script dir to /mnt/data/lengyang/github/PromptBio_Benchmark/a-14-1
Copy /mnt/data/lengyang/youjia_project/autoba/test_babench/tasks/a-14-1/eval.json dir to /mnt/data/lengyang/github/PromptBio_Benchmark/a-14-1
Copy /mnt/data/lengyang/youjia_project/autoba/test_babench/tasks/a-14-1/task.json dir to /mnt/data/lengyang/github/PromptBio_Benchmark/a-14-1
test_protein_unrelaxed_rank_001_alphafold2_ptm_model_4_seed_000.pdb
Error:/mnt/data/lengyang/youjia_project/autoba/test_babench/tasks/a-14-1/result_714/toolsgenie_20260709/test_protein_unrelaxed_rank_001_alphafold2_ptm_model_4_seed_000.pdb not exists 
Error:/mnt/data/lengyang/youjia_project/autoba/test_babench/tasks/a-14-1/result_714/toolsgenie_20260709/work not exists 
Copy /mnt/data/lengyang/youjia_project/autoba/test_babench/tasks/a-14-2/ref_answer dir to /mnt/data/lengyang/github/PromptBio_Benchmark/a-14-2
Copy /mnt/data/lengyang/youjia_project/autoba/test_babench/tasks/a-14-2/ref_script dir to /mnt/data/lengyang/github/PromptBio_Benchmark/a-14-2
Copy /mnt/data/lengyang/youjia_project/autoba/test_babench/tasks/a-14-2/eval.json dir to /mnt/data/lengyang/github/PromptBio_Benchmark/a-14-2
Copy /mnt/data/lengyang/youjia_project/autoba/test_babench/tasks/a-14-2/task.json dir to /mnt/data/lengyang/github/PromptBio_Benchmark/a-14-2
binding_sites.csv
Error:/mnt/data/lengyang/youjia_project/autoba/test_babench/tasks/a-14-2/result_714/toolsgenie_20260709/binding_sites.csv not exists 
Error:/mnt/data/lengyang/youjia_project/autoba/test_babench/tasks/a-14-2/result_714/toolsgenie_20260709/work not exists 
Copy /mnt/data/lengyang/youjia_project/autoba/test_babench/tasks/a-15-2/ref_answer dir to /mnt/data/lengyang/github/PromptBio_Benchmark/a-15-2
Copy /mnt/data/lengyang/youjia_project/autoba/test_babench/tasks/a-15-2/ref_script dir to /mnt/data/lengyang/github/PromptBio_Benchmark/a-15-2
Copy /mnt/data/lengyang/youjia_project/autoba/test_babench/tasks/a-15-2/eval.json dir to /mnt/data/lengyang/github/PromptBio_Benchmark/a-15-2
Copy /mnt/data/lengyang/youjia_project/autoba/test_babench/tasks/a-15-2/task.json dir to /mnt/data/lengyang/github/PromptBio_Benchmark/a-15-2
mQTL_results.txt
Error:/mnt/data/lengyang/youjia_project/autoba/test_babench/tasks/a-15-2/result_714/toolsgenie_20260709/mQTL_results.txt not exists 
Error:/mnt/data/lengyang/youjia_project/autoba/test_babench/tasks/a-15-2/result_714/toolsgenie_20260709/work not exists 
Copy /mnt/data/lengyang/youjia_project/autoba/test_babench/tasks/a-15-7/ref_answer dir to /mnt/data/lengyang/github/PromptBio_Benchmark/a-15-7
Copy /mnt/data/lengyang/youjia_project/autoba/test_babench/tasks/a-15-7/ref_script dir to /mnt/data/lengyang/github/PromptBio_Benchmark/a-15-7
Copy /mnt/data/lengyang/youjia_project/autoba/test_babench/tasks/a-15-7/eval.json dir to /mnt/data/lengyang/github/PromptBio_Benchmark/a-15-7
Copy /mnt/data/lengyang/youjia_project/autoba/test_babench/tasks/a-15-7/task.json dir to /mnt/data/lengyang/github/PromptBio_Benchmark/a-15-7
cluster.csv
Error:/mnt/data/lengyang/youjia_project/autoba/test_babench/tasks/a-15-7/result_714/toolsgenie_20260709/cluster.csv not exists 
Error:/mnt/data/lengyang/youjia_project/autoba/test_babench/tasks/a-15-7/result_714/toolsgenie_20260709/work not exists 
Copy /mnt/data/lengyang/youjia_project/autoba/test_babench/tasks/a-15-8/ref_answer dir to /mnt/data/lengyang/github/PromptBio_Benchmark/a-15-8
Copy /mnt/data/lengyang/youjia_project/autoba/test_babench/tasks/a-15-8/ref_script dir to /mnt/data/lengyang/github/PromptBio_Benchmark/a-15-8
Copy /mnt/data/lengyang/youjia_project/autoba/test_babench/tasks/a-15-8/eval.json dir to /mnt/data/lengyang/github/PromptBio_Benchmark/a-15-8
Copy /mnt/data/lengyang/youjia_project/autoba/test_babench/tasks/a-15-8/task.json dir to /mnt/data/lengyang/github/PromptBio_Benchmark/a-15-8
umap_multiple.png
Error:/mnt/data/lengyang/youjia_project/autoba/test_babench/tasks/a-15-8/result_714/toolsgenie_20260709/umap_multiple.png not exists 
Error:/mnt/data/lengyang/youjia_project/autoba/test_babench/tasks/a-15-8/result_714/toolsgenie_20260709/work not exists 
Copy /mnt/data/lengyang/youjia_project/autoba/test_babench/tasks/a-15-9/ref_answer dir to /mnt/data/lengyang/github/PromptBio_Benchmark/a-15-9
Copy /mnt/data/lengyang/youjia_project/autoba/test_babench/tasks/a-15-9/ref_script dir to /mnt/data/lengyang/github/PromptBio_Benchmark/a-15-9
Copy /mnt/data/lengyang/youjia_project/autoba/test_babench/tasks/a-15-9/eval.json dir to /mnt/data/lengyang/github/PromptBio_Benchmark/a-15-9
Copy /mnt/data/lengyang/youjia_project/autoba/test_babench/tasks/a-15-9/task.json dir to /mnt/data/lengyang/github/PromptBio_Benchmark/a-15-9
module_trait_correlations.csv
Error:/mnt/data/lengyang/youjia_project/autoba/test_babench/tasks/a-15-9/result_714/toolsgenie_20260709/module_trait_correlations.csv not exists 
Error:/mnt/data/lengyang/youjia_project/autoba/test_babench/tasks/a-15-9/result_714/toolsgenie_20260709/work not exists 
Copy /mnt/data/lengyang/youjia_project/autoba/test_babench/tasks/a-15-10/ref_answer dir to /mnt/data/lengyang/github/PromptBio_Benchmark/a-15-10
Copy /mnt/data/lengyang/youjia_project/autoba/test_babench/tasks/a-15-10/ref_script dir to /mnt/data/lengyang/github/PromptBio_Benchmark/a-15-10
Copy /mnt/data/lengyang/youjia_project/autoba/test_babench/tasks/a-15-10/eval.json dir to /mnt/data/lengyang/github/PromptBio_Benchmark/a-15-10
Copy /mnt/data/lengyang/youjia_project/autoba/test_babench/tasks/a-15-10/task.json dir to /mnt/data/lengyang/github/PromptBio_Benchmark/a-15-10
mr_result_summary.csv
Error:/mnt/data/lengyang/youjia_project/autoba/test_babench/tasks/a-15-10/result_714/toolsgenie_20260709/mr_result_summary.csv not exists 
Error:/mnt/data/lengyang/youjia_project/autoba/test_babench/tasks/a-15-10/result_714/toolsgenie_20260709/work not exists 
Copy /mnt/data/lengyang/youjia_project/autoba/test_babench/tasks/b-8-5/ref_answer dir to /mnt/data/lengyang/github/PromptBio_Benchmark/b-8-5
Copy /mnt/data/lengyang/youjia_project/autoba/test_babench/tasks/b-8-5/ref_script dir to /mnt/data/lengyang/github/PromptBio_Benchmark/b-8-5
Copy /mnt/data/lengyang/youjia_project/autoba/test_babench/tasks/b-8-5/eval.json dir to /mnt/data/lengyang/github/PromptBio_Benchmark/b-8-5
Copy /mnt/data/lengyang/youjia_project/autoba/test_babench/tasks/b-8-5/task.json dir to /mnt/data/lengyang/github/PromptBio_Benchmark/b-8-5
test_performance.csv
Copy /mnt/data/lengyang/youjia_project/autoba/test_babench/tasks/b-8-5/result_79/toolsgenie_20260709/test_performance.csv to /mnt/data/lengyang/github/PromptBio_Benchmark/b-8-5/results_glm
Copy /mnt/data/lengyang/youjia_project/autoba/test_babench/tasks/b-8-5/result_79/toolsgenie_20260709/work to /mnt/data/lengyang/github/PromptBio_Benchmark/b-8-5/results_glm
Copy /mnt/data/lengyang/youjia_project/autoba/test_babench/tasks/b-8-5/result_79/toolsgenie_20260709-log/log.out to /mnt/data/lengyang/github/PromptBio_Benchmark/b-8-5/results_glm
Copy /mnt/data/lengyang/youjia_project/autoba/test_babench/tasks/b-8-10/ref_answer dir to /mnt/data/lengyang/github/PromptBio_Benchmark/b-8-10
Copy /mnt/data/lengyang/youjia_project/autoba/test_babench/tasks/b-8-10/ref_script dir to /mnt/data/lengyang/github/PromptBio_Benchmark/b-8-10
Copy /mnt/data/lengyang/youjia_project/autoba/test_babench/tasks/b-8-10/eval.json dir to /mnt/data/lengyang/github/PromptBio_Benchmark/b-8-10
Copy /mnt/data/lengyang/youjia_project/autoba/test_babench/tasks/b-8-10/task.json dir to /mnt/data/lengyang/github/PromptBio_Benchmark/b-8-10
high_il6_specific_taxa.csv
Copy /mnt/data/lengyang/youjia_project/autoba/test_babench/tasks/b-8-10/result_79/toolsgenie_20260709/high_il6_specific_taxa.csv to /mnt/data/lengyang/github/PromptBio_Benchmark/b-8-10/results_glm
Copy /mnt/data/lengyang/youjia_project/autoba/test_babench/tasks/b-8-10/result_79/toolsgenie_20260709/work to /mnt/data/lengyang/github/PromptBio_Benchmark/b-8-10/results_glm
Copy /mnt/data/lengyang/youjia_project/autoba/test_babench/tasks/b-8-10/result_79/toolsgenie_20260709-log/log.out to /mnt/data/lengyang/github/PromptBio_Benchmark/b-8-10/results_glm
Copy /mnt/data/lengyang/youjia_project/autoba/test_babench/tasks/b-9-4/ref_answer dir to /mnt/data/lengyang/github/PromptBio_Benchmark/b-9-4
Copy /mnt/data/lengyang/youjia_project/autoba/test_babench/tasks/b-9-4/ref_script dir to /mnt/data/lengyang/github/PromptBio_Benchmark/b-9-4
Copy /mnt/data/lengyang/youjia_project/autoba/test_babench/tasks/b-9-4/eval.json dir to /mnt/data/lengyang/github/PromptBio_Benchmark/b-9-4
Copy /mnt/data/lengyang/youjia_project/autoba/test_babench/tasks/b-9-4/task.json dir to /mnt/data/lengyang/github/PromptBio_Benchmark/b-9-4
cox_lasso_results.tsv
Error:/mnt/data/lengyang/youjia_project/autoba/test_babench/tasks/b-9-4/result_79/toolsgenie_20260709/cox_lasso_results.tsv not exists 
Copy /mnt/data/lengyang/youjia_project/autoba/test_babench/tasks/b-9-4/result_79/toolsgenie_20260709/work to /mnt/data/lengyang/github/PromptBio_Benchmark/b-9-4/results_glm
Copy /mnt/data/lengyang/youjia_project/autoba/test_babench/tasks/b-9-4/result_79/toolsgenie_20260709-log/log.out to /mnt/data/lengyang/github/PromptBio_Benchmark/b-9-4/results_glm
